// Jest Snapshot v1, https://goo.gl/fbAQLP

exports[`sending partners forecast variance table test formats the tooltip as expected 1`] = `"2021-06-08<br /><span style=\\"display:inline-block;margin-right:5px;border-radius:10px;width:10px;height:10px;background-color:#c23531;\\"></span> Actual Traffic: $ 3,000<br /><span style=\\"display:inline-block;margin-right:5px;border-radius:10px;width:10px;height:10px;background-color:#2f4554;\\"></span> Forecasted Traffic: $ 5,000<br />Variance: $ 2,000<br />sMAPE%: 35.52%"`;
